// Jest Snapshot v1, https://goo.gl/fbAQLP

exports[`PokemonPage component It must match the snapshot when the pokemon load 1`] = `
<div>
  <h1> Who is this Pok√©mon? </h1>
  <div class="pokemon-container"><img alt="pokemon" class="hidden-pokemon" src="https://raw.githubusercontent.com/PokeAPI/sprites/master/sprites/pokemon/other/dream-world/1.svg"></div>
  <div class="options-container">
    <ul>
      <li>bulbasaur</li>
      <li>ivysaur</li>
      <li>venusaur</li>
      <li>charmander</li>
    </ul>
  </div>
</div>
<!--v-if-->
`;

exports[`PokemonPage component You must match the snapshot 1`] = `
<h1>Loading...</h1>
<!--v-if-->
`;
