// Jest Snapshot v1, https://goo.gl/fbAQLP

exports[`PokemonPicture component Should match to snapShot 1`] = `<div class="pokemon-container"><img alt="pokemon" class="hidden-pokemon" src="https://raw.githubusercontent.com/PokeAPI/sprites/master/sprites/pokemon/other/dream-world/1.svg"></div>`;
